// Jest Snapshot v1, https://goo.gl/fbAQLP

exports[`Quickview component quick view should be visible 1`] = `
<app-quickview
  basketService={[Function BasketService]}
  products={[Function Array]}
  toggleService={[Function ToggleService]}
  visible="false"
>
  
</app-quickview>
`;

exports[`Quickview component should check if overlay is visible 1`] = `
<app-quickview
  basketService={[Function BasketService]}
  products={[Function Array]}
  toggleService={[Function ToggleService]}
  visible={[Function Boolean]}
>
  <div>
    <div
      class="overlay"
    />
    <div
      class="quickviewContainer"
    >
      <h4>
        Your basket
      </h4>
      
      <div>
        
        <div
          class="quickviewProduct"
        >
          <div>
            <img
              src="http://lorempixel.com/640/480"
            />
          </div>
          <div>
            <div>
              Name: kity
            </div>
            <div>
              Color: green
            </div>
            <div>
              Price: 300 zl
            </div>
            <div>
              Quantity: 1
            </div>
          </div>
          <div
            class="closeIcon"
          />
        </div>
      </div>
    </div>
  </div>
</app-quickview>
`;

exports[`Quickview component should check if quickView is visible with products 1`] = `
<app-basket
  basketService={[Function BasketService]}
  toggleService={[Function ToggleService]}
>
  <div
    class="basketContainer"
  >
    <div
      class="basketContainerDetail"
    >
      <div>
        <span
          id="basketTotal"
        >
           Total: 200 zl
        </span>
      </div>
      <div>
        <span
          id="basketLength"
        >
           Cats: 1
        </span>
      </div>
    </div>
    <div
      class="basketContainerButtons"
    >
      <app-button
        id="clearTheBasketButton"
        ng-reflect-text="Clean"
        text="Clean"
      >
        <button>
           Clean
  
        </button>
      </app-button>
      <app-button
        id="quickViewButton"
        ng-reflect-text="Quick view"
        text="Quick view"
      >
        <button>
           Quick view
  
        </button>
      </app-button>
    </div>
  </div>
</app-basket>
`;

exports[`Quickview component should close quickView when click on overlay 1`] = `
<app-quickview
  basketService={[Function BasketService]}
  products={[Function Array]}
  toggleService={[Function ToggleService]}
  visible="false"
>
  
</app-quickview>
`;

exports[`Quickview component should render correctly 1`] = `
<app-quickview
  basketService={[Function BasketService]}
  products={[Function Array]}
  toggleService={[Function ToggleService]}
  visible="false"
>
  
</app-quickview>
`;
